Nov 10 15:53:00 localhost kernel: [    0.000000] Initializing cgroup subsys cpuset
Nov 10 15:53:00 localhost kernel: [    0.000000] Initializing cgroup subsys cpu
Nov 10 15:53:00 localhost kernel: [    0.000000] Initializing cgroup subsys cpuacct
Nov 10 15:53:00 localhost kernel: [    0.000000] Linux version 4.4.0-36-generic (buildd@lcy01-01) (gcc version 5.4.0 20160609 (Ubuntu 5.4.0-6ubuntu1~16.04.2) ) #55-Ubuntu SMP Thu Aug 11 18:01:55 UTC 2016 (Ubuntu 4.4.0-36.55-generic 4.4.16)
Nov 10 15:53:00 localhost kernel: [    0.000000] Command line: BOOT_IMAGE=/boot/vmlinuz-4.4.0-36-generic root=UUID=87d0529b-216b-4930-9b54-45b0cdca9c06 ro console=tty1 console=ttyS0
Nov 10 15:53:00 localhost kernel: [    0.000000] KERNEL supported cpus:
Nov 10 15:53:00 localhost kernel: [    0.000000]   Intel GenuineIntel
Nov 10 15:53:00 localhost kernel: [    0.000000]   AMD AuthenticAMD
Nov 10 15:53:00 localhost kernel: [    0.000000]   Centaur CentaurHauls
Nov 10 15:53:00 localhost kernel: [    0.000000] x86/fpu: xstate_offset[2]:  576, xstate_sizes[2]:  256
Nov 10 15:53:00 localhost kernel: [    0.000000] x86/fpu: Supporting XSAVE feature 0x01: 'x87 floating point registers'
Nov 10 15:53:00 localhost kernel: [    0.000000] x86/fpu: Supporting XSAVE feature 0x02: 'SSE registers'
Nov 10 15:53:00 localhost kernel: [    0.000000] x86/fpu: Supporting XSAVE feature 0x04: 'AVX registers'
Nov 10 15:53:00 localhost kernel: [    0.000000] x86/fpu: Enabled xstate features 0x7, context size is 832 bytes, using 'standard' format.
Nov 10 15:53:00 localhost kernel: [    0.000000] x86/fpu: Using 'eager' FPU context switches.
Nov 10 15:53:00 localhost kernel: [    0.000000] e820: BIOS-provided physical RAM map:
Nov 10 15:53:00 localhost kernel: [    0.000000] BIOS-e820: [mem 0x0000000000000000-0x000000000009dfff] usable
Nov 10 15:53:00 localhost kernel: [    0.000000] BIOS-e820: [mem 0x000000000009e000-0x000000000009ffff] reserved
Nov 10 15:53:00 localhost kernel: [    0.000000] BIOS-e820: [mem 0x00000000000e0000-0x00000000000fffff] reserved
Nov 10 15:53:00 localhost kernel: [    0.000000] BIOS-e820: [mem 0x0000000000100000-0x000000003fffffff] usable
Nov 10 15:53:00 localhost kernel: [    0.000000] BIOS-e820: [mem 0x00000000fc000000-0x00000000ffffffff] reserved
Nov 10 15:53:00 localhost kernel: [    0.000000] NX (Execute Disable) protection: active
Nov 10 15:53:00 localhost kernel: [    0.000000] SMBIOS 2.4 present.
Nov 10 15:53:00 localhost kernel: [    0.000000] DMI: Xen HVM domU, BIOS 4.2.amazon 05/12/2016
Nov 10 15:53:00 localhost kernel: [    0.000000] Hypervisor detected: Xen
Nov 10 15:53:00 localhost kernel: [    0.000000] Xen version 4.2.
Nov 10 15:53:00 localhost kernel: [    0.000000] Xen Platform PCI: I/O protocol version 1
Nov 10 15:53:00 localhost kernel: [    0.000000] Netfront and the Xen platform PCI driver have been compiled for this kernel: unplug emulated NICs.
Nov 10 15:53:00 localhost kernel: [    0.000000] Blkfront and the Xen platform PCI driver have been compiled for this kernel: unplug emulated disks.
Nov 10 15:53:00 localhost kernel: [    0.000000] You might have to change the root device
Nov 10 15:53:00 localhost kernel: [    0.000000] from /dev/hd[a-d] to /dev/xvd[a-d]
Nov 10 15:53:00 localhost kernel: [    0.000000] in your root= kernel command line option
Nov 10 15:53:00 localhost kernel: [    0.000000] HVMOP_pagetable_dying not supported
Nov 10 15:53:00 localhost kernel: [    0.000000] e820: update [mem 0x00000000-0x00000fff] usable ==> reserved
Nov 10 15:53:00 localhost kernel: [    0.000000] e820: remove [mem 0x000a0000-0x000fffff] usable
Nov 10 15:53:00 localhost kernel: [    0.000000] e820: last_pfn = 0x40000 max_arch_pfn = 0x400000000
Nov 10 15:53:00 localhost kernel: [    0.000000] MTRR default type: write-back
Nov 10 15:53:00 localhost kernel: [    0.000000] MTRR fixed ranges enabled:
Nov 10 15:53:00 localhost kernel: [    0.000000]   00000-9FFFF write-back
Nov 10 15:53:00 localhost kernel: [    0.000000]   A0000-BFFFF write-combining
Nov 10 15:53:00 localhost kernel: [    0.000000]   C0000-FFFFF write-back
Nov 10 15:53:00 localhost kernel: [    0.000000] MTRR variable ranges enabled:
Nov 10 15:53:00 localhost kernel: [    0.000000]   0 base 0000F0000000 mask 3FFFF8000000 uncachable
Nov 10 15:53:00 localhost kernel: [    0.000000]   1 base 0000F8000000 mask 3FFFFC000000 uncachable
Nov 10 15:53:00 localhost kernel: [    0.000000]   2 disabled
Nov 10 15:53:00 localhost kernel: [    0.000000]   3 disabled
Nov 10 15:53:00 localhost kernel: [    0.000000]   4 disabled
Nov 10 15:53:00 localhost kernel: [    0.000000]   5 disabled
Nov 10 15:53:00 localhost kernel: [    0.000000]   6 disabled
Nov 10 15:53:00 localhost kernel: [    0.000000]   7 disabled
Nov 10 15:53:00 localhost kernel: [    0.000000] x86/PAT: Configuration [0-7]: WB  WC  UC- UC  WB  WC  UC- WT  
Nov 10 15:53:00 localhost kernel: [    0.000000] found SMP MP-table at [mem 0x000fbe00-0x000fbe0f] mapped at [ffff8800000fbe00]
Nov 10 15:53:00 localhost kernel: [    0.000000] Scanning 1 areas for low memory corruption
Nov 10 15:53:00 localhost kernel: [    0.000000] Base memory trampoline at [ffff880000098000] 98000 size 24576
Nov 10 15:53:00 localhost kernel: [    0.000000] BRK [0x02201000, 0x02201fff] PGTABLE
Nov 10 15:53:00 localhost kernel: [    0.000000] BRK [0x02202000, 0x02202fff] PGTABLE
Nov 10 15:53:00 localhost kernel: [    0.000000] BRK [0x02203000, 0x02203fff] PGTABLE
Nov 10 15:53:00 localhost kernel: [    0.000000] RAMDISK: [mem 0x339e0000-0x35ce7fff]
Nov 10 15:53:00 localhost kernel: [    0.000000] ACPI: Early table checksum verification disabled
Nov 10 15:53:00 localhost kernel: [    0.000000] ACPI: RSDP 0x00000000000EA020 000024 (v02 Xen   )
Nov 10 15:53:00 localhost kernel: [    0.000000] ACPI: XSDT 0x00000000FC00F5A0 000054 (v01 Xen    HVM      00000000 HVML 00000000)
Nov 10 15:53:00 localhost kernel: [    0.000000] ACPI: FACP 0x00000000FC00F260 0000F4 (v04 Xen    HVM      00000000 HVML 00000000)
Nov 10 15:53:00 localhost kernel: [    0.000000] ACPI: DSDT 0x00000000FC0035E0 00BBF6 (v02 Xen    HVM      00000000 INTL 20090123)
Nov 10 15:53:00 localhost kernel: [    0.000000] ACPI: FACS 0x00000000FC0035A0 000040
Nov 10 15:53:00 localhost kernel: [    0.000000] ACPI: FACS 0x00000000FC0035A0 000040
Nov 10 15:53:00 localhost kernel: [    0.000000] ACPI: APIC 0x00000000FC00F360 0000D8 (v02 Xen    HVM      00000000 HVML 00000000)
Nov 10 15:53:00 localhost kernel: [    0.000000] ACPI: HPET 0x00000000FC00F4B0 000038 (v01 Xen    HVM      00000000 HVML 00000000)
Nov 10 15:53:00 localhost kernel: [    0.000000] ACPI: WAET 0x00000000FC00F4F0 000028 (v01 Xen    HVM      00000000 HVML 00000000)
Nov 10 15:53:00 localhost kernel: [    0.000000] ACPI: SSDT 0x00000000FC00F520 000031 (v02 Xen    HVM      00000000 INTL 20090123)
Nov 10 15:53:00 localhost kernel: [    0.000000] ACPI: SSDT 0x00000000FC00F560 000031 (v02 Xen    HVM      00000000 INTL 20090123)
Nov 10 15:53:00 localhost kernel: [    0.000000] ACPI: Local APIC address 0xfee00000
Nov 10 15:53:00 localhost kernel: [    0.000000] No NUMA configuration found
Nov 10 15:53:00 localhost kernel: [    0.000000] Faking a node at [mem 0x0000000000000000-0x000000003fffffff]
Nov 10 15:53:00 localhost kernel: [    0.000000] NODE_DATA(0) allocated [mem 0x3fffb000-0x3fffffff]
Nov 10 15:53:00 localhost kernel: [    0.000000] Zone ranges:
Nov 10 15:53:00 localhost kernel: [    0.000000]   DMA      [mem 0x0000000000001000-0x0000000000ffffff]
Nov 10 15:53:00 localhost kernel: [    0.000000]   DMA32    [mem 0x0000000001000000-0x000000003fffffff]
Nov 10 15:53:00 localhost kernel: [    0.000000]   Normal   empty
Nov 10 15:53:00 localhost kernel: [    0.000000]   Device   empty
Nov 10 15:53:00 localhost kernel: [    0.000000] Movable zone start for each node
Nov 10 15:53:00 localhost kernel: [    0.000000] Early memory node ranges
Nov 10 15:53:00 localhost kernel: [    0.000000]   node   0: [mem 0x0000000000001000-0x000000000009dfff]
Nov 10 15:53:00 localhost kernel: [    0.000000]   node   0: [mem 0x0000000000100000-0x000000003fffffff]
Nov 10 15:53:00 localhost kernel: [    0.000000] Initmem setup node 0 [mem 0x0000000000001000-0x000000003fffffff]
Nov 10 15:53:00 localhost kernel: [    0.000000] On node 0 totalpages: 262045
Nov 10 15:53:00 localhost kernel: [    0.000000]   DMA zone: 64 pages used for memmap
Nov 10 15:53:00 localhost kernel: [    0.000000]   DMA zone: 21 pages reserved
Nov 10 15:53:00 localhost kernel: [    0.000000]   DMA zone: 3997 pages, LIFO batch:0
Nov 10 15:53:00 localhost kernel: [    0.000000]   DMA32 zone: 4032 pages used for memmap
Nov 10 15:53:00 localhost kernel: [    0.000000]   DMA32 zone: 258048 pages, LIFO batch:31
Nov 10 15:53:00 localhost kernel: [    0.000000] ACPI: PM-Timer IO Port: 0xb008
Nov 10 15:53:00 localhost kernel: [    0.000000] ACPI: Local APIC address 0xfee00000
Nov 10 15:53:00 localhost kernel: [    0.000000] IOAPIC[0]: apic_id 1, version 17, address 0xfec00000, GSI 0-47
Nov 10 15:53:00 localhost kernel: [    0.000000] ACPI: INT_SRC_OVR (bus 0 bus_irq 0 global_irq 2 dfl dfl)
Nov 10 15:53:00 localhost kernel: [    0.000000] ACPI: INT_SRC_OVR (bus 0 bus_irq 5 global_irq 5 low level)
Nov 10 15:53:00 localhost kernel: [    0.000000] ACPI: INT_SRC_OVR (bus 0 bus_irq 10 global_irq 10 low level)
Nov 10 15:53:00 localhost kernel: [    0.000000] ACPI: INT_SRC_OVR (bus 0 bus_irq 11 global_irq 11 low level)
Nov 10 15:53:00 localhost kernel: [    0.000000] ACPI: IRQ0 used by override.
Nov 10 15:53:00 localhost kernel: [    0.000000] ACPI: IRQ5 used by override.
Nov 10 15:53:00 localhost kernel: [    0.000000] ACPI: IRQ9 used by override.
Nov 10 15:53:00 localhost kernel: [    0.000000] ACPI: IRQ10 used by override.
Nov 10 15:53:00 localhost kernel: [    0.000000] ACPI: IRQ11 used by override.
Nov 10 15:53:00 localhost kernel: [    0.000000] Using ACPI (MADT) for SMP configuration information
Nov 10 15:53:00 localhost kernel: [    0.000000] ACPI: HPET id: 0x8086a201 base: 0xfed00000
Nov 10 15:53:00 localhost kernel: [    0.000000] smpboot: Allowing 15 CPUs, 14 hotplug CPUs
Nov 10 15:53:00 localhost kernel: [    0.000000] PM: Registered nosave memory: [mem 0x00000000-0x00000fff]
Nov 10 15:53:00 localhost kernel: [    0.000000] PM: Registered nosave memory: [mem 0x0009e000-0x0009ffff]
Nov 10 15:53:00 localhost kernel: [    0.000000] PM: Registered nosave memory: [mem 0x000a0000-0x000dffff]
Nov 10 15:53:00 localhost kernel: [    0.000000] PM: Registered nosave memory: [mem 0x000e0000-0x000fffff]
Nov 10 15:53:00 localhost kernel: [    0.000000] e820: [mem 0x40000000-0xfbffffff] available for PCI devices
Nov 10 15:53:00 localhost kernel: [    0.000000] Booting paravirtualized kernel on Xen HVM
Nov 10 15:53:00 localhost kernel: [    0.000000] clocksource: refined-jiffies: mask: 0xffffffff max_cycles: 0xffffffff, max_idle_ns: 7645519600211568 ns
Nov 10 15:53:00 localhost kernel: [    0.000000] setup_percpu: NR_CPUS:256 nr_cpumask_bits:256 nr_cpu_ids:15 nr_node_ids:1
Nov 10 15:53:00 localhost kernel: [    0.000000] PERCPU: Embedded 33 pages/cpu @ffff88003e200000 s98008 r8192 d28968 u262144
Nov 10 15:53:00 localhost kernel: [    0.000000] pcpu-alloc: s98008 r8192 d28968 u262144 alloc=1*2097152
Nov 10 15:53:00 localhost kernel: [    0.000000] pcpu-alloc: [0] 00 01 02 03 04 05 06 07 [0] 08 09 10 11 12 13 14 -- 
Nov 10 15:53:00 localhost kernel: [    0.000000] xen: PV spinlocks enabled
Nov 10 15:53:00 localhost kernel: [    0.000000] PV qspinlock hash table entries: 256 (order: 0, 4096 bytes)
Nov 10 15:53:00 localhost kernel: [    0.000000] Built 1 zonelists in Node order, mobility grouping on.  Total pages: 257928
Nov 10 15:53:00 localhost kernel: [    0.000000] Policy zone: DMA32
Nov 10 15:53:00 localhost kernel: [    0.000000] Kernel command line: BOOT_IMAGE=/boot/vmlinuz-4.4.0-36-generic root=UUID=87d0529b-216b-4930-9b54-45b0cdca9c06 ro console=tty1 console=ttyS0
Nov 10 15:53:00 localhost kernel: [    0.000000] PID hash table entries: 4096 (order: 3, 32768 bytes)
Nov 10 15:53:00 localhost kernel: [    0.000000] Calgary: detecting Calgary via BIOS EBDA area
Nov 10 15:53:00 localhost kernel: [    0.000000] Calgary: Unable to locate Rio Grande table in EBDA - bailing!
Nov 10 15:53:00 localhost kernel: [    0.000000] Memory: 975124K/1048180K available (8394K kernel code, 1282K rwdata, 3944K rodata, 1480K init, 1292K bss, 73056K reserved, 0K cma-reserved)
Nov 10 15:53:00 localhost kernel: [    0.000000] SLUB: HWalign=64, Order=0-3, MinObjects=0, CPUs=15, Nodes=1
Nov 10 15:53:00 localhost kernel: [    0.000000] Hierarchical RCU implementation.
Nov 10 15:53:00 localhost kernel: [    0.000000] 	Build-time adjustment of leaf fanout to 64.
Nov 10 15:53:00 localhost kernel: [    0.000000] 	RCU restricting CPUs from NR_CPUS=256 to nr_cpu_ids=15.
Nov 10 15:53:00 localhost kernel: [    0.000000] RCU: Adjusting geometry for rcu_fanout_leaf=64, nr_cpu_ids=15
Nov 10 15:53:00 localhost kernel: [    0.000000] NR_IRQS:16640 nr_irqs:952 16
Nov 10 15:53:00 localhost kernel: [    0.000000] xen:events: Using 2-level ABI
Nov 10 15:53:00 localhost kernel: [    0.000000] xen:events: Xen HVM callback vector for event delivery is enabled
Nov 10 15:53:00 localhost kernel: [    0.000000] Console: colour VGA+ 80x25
Nov 10 15:53:00 localhost kernel: [    0.000000] console [tty1] enabled
Nov 10 15:53:00 localhost kernel: [    0.000000] Cannot get hvm parameter CONSOLE_EVTCHN (18): -22!
Nov 10 15:53:00 localhost kernel: [    0.000000] console [ttyS0] enabled
Nov 10 15:53:00 localhost kernel: [    0.000000] clocksource: hpet: mask: 0xffffffff max_cycles: 0xffffffff, max_idle_ns: 30580167144 ns
Nov 10 15:53:00 localhost kernel: [    0.000000] hpet clockevent registered
Nov 10 15:53:00 localhost kernel: [    0.000000] tsc: Detected 2500.080 MHz processor
Nov 10 15:53:00 localhost kernel: [    0.012000] Calibrating delay loop (skipped), value calculated using timer frequency.. 5000.16 BogoMIPS (lpj=10000320)
Nov 10 15:53:00 localhost kernel: [    0.014071] pid_max: default: 32768 minimum: 301
Nov 10 15:53:00 localhost kernel: [    0.016010] ACPI: Core revision 20150930
Nov 10 15:53:00 localhost kernel: [    0.025717] ACPI: 3 ACPI AML tables successfully acquired and loaded
Nov 10 15:53:00 localhost kernel: [    0.028714] Security Framework initialized
Nov 10 15:53:00 localhost kernel: [    0.032003] Yama: becoming mindful.
Nov 10 15:53:00 localhost kernel: [    0.034238] AppArmor: AppArmor initialized
Nov 10 15:53:00 localhost kernel: [    0.036094] Dentry cache hash table entries: 131072 (order: 8, 1048576 bytes)
Nov 10 15:53:00 localhost kernel: [    0.040221] Inode-cache hash table entries: 65536 (order: 7, 524288 bytes)
Nov 10 15:53:00 localhost kernel: [    0.044102] Mount-cache hash table entries: 2048 (order: 2, 16384 bytes)
Nov 10 15:53:00 localhost kernel: [    0.048008] Mountpoint-cache hash table entries: 2048 (order: 2, 16384 bytes)
Nov 10 15:53:00 localhost kernel: [    0.052174] Initializing cgroup subsys io
Nov 10 15:53:00 localhost kernel: [    0.056005] Initializing cgroup subsys memory
Nov 10 15:53:00 localhost kernel: [    0.058583] Initializing cgroup subsys devices
Nov 10 15:53:00 localhost kernel: [    0.060006] Initializing cgroup subsys freezer
Nov 10 15:53:00 localhost kernel: [    0.064007] Initializing cgroup subsys net_cls
Nov 10 15:53:00 localhost kernel: [    0.066725] Initializing cgroup subsys perf_event
Nov 10 15:53:00 localhost kernel: [    0.068006] Initializing cgroup subsys net_prio
Nov 10 15:53:00 localhost kernel: [    0.072004] Initializing cgroup subsys hugetlb
Nov 10 15:53:00 localhost kernel: [    0.074834] Initializing cgroup subsys pids
Nov 10 15:53:00 localhost kernel: [    0.076060] CPU: Physical Processor ID: 0
Nov 10 15:53:00 localhost kernel: [    0.080754] mce: CPU supports 2 MCE banks
Nov 10 15:53:00 localhost kernel: [    0.084023] Last level iTLB entries: 4KB 512, 2MB 8, 4MB 8
Nov 10 15:53:00 localhost kernel: [    0.087354] Last level dTLB entries: 4KB 512, 2MB 0, 4MB 0, 1GB 4
Nov 10 15:53:00 localhost kernel: [    0.110018] ftrace: allocating 31996 entries in 125 pages
Nov 10 15:53:00 localhost kernel: [    0.144084] smpboot: Max logical packages: 15
Nov 10 15:53:00 localhost kernel: [    0.146759] smpboot: APIC(0) Converting physical 0 to logical package 0
Nov 10 15:53:00 localhost kernel: [    0.148623] x2apic: IRQ remapping doesn't support X2APIC mode
Nov 10 15:53:00 localhost kernel: [    0.152005] Switched APIC routing to physical flat.
Nov 10 15:53:00 localhost kernel: [    0.158085] ..TIMER: vector=0x30 apic1=0 pin1=2 apic2=0 pin2=0
Nov 10 15:53:00 localhost kernel: [    0.204108] clocksource: xen: mask: 0xffffffffffffffff max_cycles: 0x1cd42e4dffb, max_idle_ns: 881590591483 ns
Nov 10 15:53:00 localhost kernel: [    0.208008] Xen: using vcpuop timer interface
Nov 10 15:53:00 localhost kernel: [    0.208015] installing Xen timer for CPU 0
Nov 10 15:53:00 localhost kernel: [    0.212055] smpboot: CPU0: Intel(R) Xeon(R) CPU E5-2670 v2 @ 2.50GHz (family: 0x6, model: 0x3e, stepping: 0x4)
Nov 10 15:53:00 localhost kernel: [    0.217417] cpu 0 spinlock event irq 53
Nov 10 15:53:00 localhost kernel: [    0.219863] Performance Events: unsupported p6 CPU model 62 no PMU driver, software events only.
Nov 10 15:53:00 localhost kernel: [    0.224603] x86: Booted up 1 node, 1 CPUs
Nov 10 15:53:00 localhost kernel: [    0.227231] smpboot: Total of 1 processors activated (5000.16 BogoMIPS)
Nov 10 15:53:00 localhost kernel: [    0.228011] NMI watchdog: disabled (cpu0): hardware events not enabled
Nov 10 15:53:00 localhost kernel: [    0.231647] NMI watchdog: Shutting down hard lockup detector on all cpus
Nov 10 15:53:00 localhost kernel: [    0.232383] devtmpfs: initialized
Nov 10 15:53:00 localhost kernel: [    0.236608] evm: security.selinux
Nov 10 15:53:00 localhost kernel: [    0.238846] evm: security.SMACK64
Nov 10 15:53:00 localhost kernel: [    0.240009] evm: security.SMACK64EXEC
Nov 10 15:53:00 localhost kernel: [    0.242374] evm: security.SMACK64TRANSMUTE
Nov 10 15:53:00 localhost kernel: [    0.244006] evm: security.SMACK64MMAP
Nov 10 15:53:00 localhost kernel: [    0.246757] evm: security.ima
Nov 10 15:53:00 localhost kernel: [    0.248006] evm: security.capability
Nov 10 15:53:00 localhost kernel: [    0.250415] clocksource: jiffies: mask: 0xffffffff max_cycles: 0xffffffff, max_idle_ns: 7645041785100000 ns
Nov 10 15:53:00 localhost kernel: [    0.252117] pinctrl core: initialized pinctrl subsystem
Nov 10 15:53:00 localhost kernel: [    0.255230] RTC time: 20:52:55, date: 11/10/16
Nov 10 15:53:00 localhost kernel: [    0.256134] NET: Registered protocol family 16
Nov 10 15:53:00 localhost kernel: [    0.259115] cpuidle: using governor ladder
Nov 10 15:53:00 localhost kernel: [    0.260008] cpuidle: using governor menu
Nov 10 15:53:00 localhost kernel: [    0.262856] PCCT header not found.
Nov 10 15:53:00 localhost kernel: [    0.264070] ACPI: bus type PCI registered
Nov 10 15:53:00 localhost kernel: [    0.267003] acpiphp: ACPI Hot Plug PCI Controller Driver version: 0.5
Nov 10 15:53:00 localhost kernel: [    0.268321] PCI: Using configuration type 1 for base access
Nov 10 15:53:00 localhost kernel: [    0.273082] ACPI: Added _OSI(Module Device)
Nov 10 15:53:00 localhost kernel: [    0.276007] ACPI: Added _OSI(Processor Device)
Nov 10 15:53:00 localhost kernel: [    0.278687] ACPI: Added _OSI(3.0 _SCP Extensions)
Nov 10 15:53:00 localhost kernel: [    0.280006] ACPI: Added _OSI(Processor Aggregator Device)
Nov 10 15:53:00 localhost kernel: [    0.284078] xen: --> pirq=16 -> irq=9 (gsi=9)
Nov 10 15:53:00 localhost kernel: [    0.286567] ACPI: Interpreter enabled
Nov 10 15:53:00 localhost kernel: [    0.288008] ACPI Exception: AE_NOT_FOUND, While evaluating Sleep State [\_S1_] (20150930/hwxface-580)
Nov 10 15:53:00 localhost kernel: [    0.292007] ACPI Exception: AE_NOT_FOUND, While evaluating Sleep State [\_S2_] (20150930/hwxface-580)
Nov 10 15:53:00 localhost kernel: [    0.297690] ACPI: (supports S0 S3 S4 S5)
Nov 10 15:53:00 localhost kernel: [    0.300006] ACPI: Using IOAPIC for interrupt routing
Nov 10 15:53:00 localhost kernel: [    0.303861] PCI: Using host bridge windows from ACPI; if necessary, use "pci=nocrs" and report a bug
Nov 10 15:53:00 localhost kernel: [    0.344881] ACPI: PCI Root Bridge [PCI0] (domain 0000 [bus 00-ff])
Nov 10 15:53:00 localhost kernel: [    0.348014] acpi PNP0A03:00: _OSC: OS supports [ASPM ClockPM Segments MSI]
Nov 10 15:53:00 localhost kernel: [    0.351986] acpi PNP0A03:00: _OSC failed (AE_NOT_FOUND); disabling ASPM
Nov 10 15:53:00 localhost kernel: [    0.352017] acpi PNP0A03:00: fail to add MMCONFIG information, can't access extended PCI configuration space under this bridge.
Nov 10 15:53:00 localhost kernel: [    0.356844] acpiphp: Slot [0] registered
Nov 10 15:53:00 localhost kernel: [    0.360010] acpiphp: Slot [3] registered
Nov 10 15:53:00 localhost kernel: [    0.362827] acpiphp: Slot [4] registered
Nov 10 15:53:00 localhost kernel: [    0.364252] acpiphp: Slot [5] registered
Nov 10 15:53:00 localhost kernel: [    0.367222] acpiphp: Slot [6] registered
Nov 10 15:53:00 localhost kernel: [    0.368242] acpiphp: Slot [7] registered
Nov 10 15:53:00 localhost kernel: [    0.371012] acpiphp: Slot [8] registered
Nov 10 15:53:00 localhost kernel: [    0.372236] acpiphp: Slot [9] registered
Nov 10 15:53:00 localhost kernel: [    0.375042] acpiphp: Slot [10] registered
Nov 10 15:53:00 localhost kernel: [    0.376266] acpiphp: Slot [11] registered
Nov 10 15:53:00 localhost kernel: [    0.379250] acpiphp: Slot [12] registered
Nov 10 15:53:00 localhost kernel: [    0.380276] acpiphp: Slot [13] registered
Nov 10 15:53:00 localhost kernel: [    0.383230] acpiphp: Slot [14] registered
Nov 10 15:53:00 localhost kernel: [    0.384247] acpiphp: Slot [15] registered
Nov 10 15:53:00 localhost kernel: [    0.387058] acpiphp: Slot [16] registered
Nov 10 15:53:00 localhost kernel: [    0.388284] acpiphp: Slot [17] registered
Nov 10 15:53:00 localhost kernel: [    0.391645] acpiphp: Slot [18] registered
Nov 10 15:53:00 localhost kernel: [    0.392356] acpiphp: Slot [19] registered
Nov 10 15:53:00 localhost kernel: [    0.396235] acpiphp: Slot [20] registered
Nov 10 15:53:00 localhost kernel: [    0.399975] acpiphp: Slot [21] registered
Nov 10 15:53:00 localhost kernel: [    0.400255] acpiphp: Slot [22] registered
Nov 10 15:53:00 localhost kernel: [    0.403124] acpiphp: Slot [23] registered
Nov 10 15:53:00 localhost kernel: [    0.404261] acpiphp: Slot [24] registered
Nov 10 15:53:00 localhost kernel: [    0.407082] acpiphp: Slot [25] registered
Nov 10 15:53:00 localhost kernel: [    0.408252] acpiphp: Slot [26] registered
Nov 10 15:53:00 localhost kernel: [    0.411148] acpiphp: Slot [27] registered
Nov 10 15:53:00 localhost kernel: [    0.412255] acpiphp: Slot [28] registered
Nov 10 15:53:00 localhost kernel: [    0.415079] acpiphp: Slot [29] registered
Nov 10 15:53:00 localhost kernel: [    0.416276] acpiphp: Slot [30] registered
Nov 10 15:53:00 localhost kernel: [    0.419168] acpiphp: Slot [31] registered
Nov 10 15:53:00 localhost kernel: [    0.420268] PCI host bridge to bus 0000:00
Nov 10 15:53:00 localhost kernel: [    0.422966] pci_bus 0000:00: root bus resource [io  0x0000-0x0cf7 window]
Nov 10 15:53:00 localhost kernel: [    0.424008] pci_bus 0000:00: root bus resource [io  0x0d00-0xffff window]
Nov 10 15:53:00 localhost kernel: [    0.427928] pci_bus 0000:00: root bus resource [mem 0x000a0000-0x000bffff window]
Nov 10 15:53:00 localhost kernel: [    0.428008] pci_bus 0000:00: root bus resource [mem 0xf0000000-0xfbffffff window]
Nov 10 15:53:00 localhost kernel: [    0.432005] pci_bus 0000:00: root bus resource [bus 00-ff]
Nov 10 15:53:00 localhost kernel: [    0.435458] pci 0000:00:00.0: [8086:1237] type 00 class 0x060000
Nov 10 15:53:00 localhost kernel: [    0.436779] pci 0000:00:01.0: [8086:7000] type 00 class 0x060100
Nov 10 15:53:00 localhost kernel: [    0.438762] pci 0000:00:01.1: [8086:7010] type 00 class 0x010180
Nov 10 15:53:00 localhost kernel: [    0.439781] pci 0000:00:01.1: reg 0x20: [io  0xc100-0xc10f]
Nov 10 15:53:00 localhost kernel: [    0.440188] pci 0000:00:01.1: legacy IDE quirk: reg 0x10: [io  0x01f0-0x01f7]
Nov 10 15:53:00 localhost kernel: [    0.444007] pci 0000:00:01.1: legacy IDE quirk: reg 0x14: [io  0x03f6]
Nov 10 15:53:00 localhost kernel: [    0.447910] pci 0000:00:01.1: legacy IDE quirk: reg 0x18: [io  0x0170-0x0177]
Nov 10 15:53:00 localhost kernel: [    0.448007] pci 0000:00:01.1: legacy IDE quirk: reg 0x1c: [io  0x0376]
Nov 10 15:53:00 localhost kernel: [    0.452382] pci 0000:00:01.3: [8086:7113] type 00 class 0x068000
Nov 10 15:53:00 localhost kernel: [    0.452463] * Found PM-Timer Bug on the chipset. Due to workarounds for a bug,
Nov 10 15:53:00 localhost kernel: [    0.452463] * this clock source is slow. Consider trying other clock sources
Nov 10 15:53:00 localhost kernel: [    0.457138] pci 0000:00:01.3: quirk: [io  0xb000-0xb03f] claimed by PIIX4 ACPI
Nov 10 15:53:00 localhost kernel: [    0.460757] pci 0000:00:02.0: [1013:00b8] type 00 class 0x030000
Nov 10 15:53:00 localhost kernel: [    0.461053] pci 0000:00:02.0: reg 0x10: [mem 0xf0000000-0xf1ffffff pref]
Nov 10 15:53:00 localhost kernel: [    0.461243] pci 0000:00:02.0: reg 0x14: [mem 0xf3000000-0xf3000fff]
Nov 10 15:53:00 localhost kernel: [    0.462949] pci 0000:00:03.0: [5853:0001] type 00 class 0xff8000
Nov 10 15:53:00 localhost kernel: [    0.463283] pci 0000:00:03.0: reg 0x10: [io  0xc000-0xc0ff]
Nov 10 15:53:00 localhost kernel: [    0.463478] pci 0000:00:03.0: reg 0x14: [mem 0xf2000000-0xf2ffffff pref]
Nov 10 15:53:00 localhost kernel: [    0.465806] ACPI: PCI Interrupt Link [LNKA] (IRQs *5 10 11)
Nov 10 15:53:00 localhost kernel: [    0.470707] ACPI: PCI Interrupt Link [LNKB] (IRQs 5 *10 11)
Nov 10 15:53:00 localhost kernel: [    0.474750] ACPI: PCI Interrupt Link [LNKC] (IRQs 5 10 *11)
Nov 10 15:53:00 localhost kernel: [    0.478646] ACPI: PCI Interrupt Link [LNKD] (IRQs *5 10 11)
Nov 10 15:53:00 localhost kernel: [    0.497289] ACPI: Enabled 2 GPEs in block 00 to 0F
Nov 10 15:53:00 localhost kernel: [    0.500048] xen:balloon: Initialising balloon driver
Nov 10 15:53:00 localhost kernel: [    0.504033] xen_balloon: Initialising balloon driver
Nov 10 15:53:00 localhost kernel: [    0.508977] vgaarb: setting as boot device: PCI:0000:00:02.0
Nov 10 15:53:00 localhost kernel: [    0.512000] vgaarb: device added: PCI:0000:00:02.0,decodes=io+mem,owns=io+mem,locks=none
Nov 10 15:53:00 localhost kernel: [    0.512008] vgaarb: loaded
Nov 10 15:53:00 localhost kernel: [    0.514113] vgaarb: bridge control possible 0000:00:02.0
Nov 10 15:53:00 localhost kernel: [    0.516241] SCSI subsystem initialized
Nov 10 15:53:00 localhost kernel: [    0.518754] libata version 3.00 loaded.
Nov 10 15:53:00 localhost kernel: [    0.518778] ACPI: bus type USB registered
Nov 10 15:53:00 localhost kernel: [    0.520023] usbcore: registered new interface driver usbfs
Nov 10 15:53:00 localhost kernel: [    0.523293] usbcore: registered new interface driver hub
Nov 10 15:53:00 localhost kernel: [    0.524027] usbcore: registered new device driver usb
Nov 10 15:53:00 localhost kernel: [    0.527297] PCI: Using ACPI for IRQ routing
Nov 10 15:53:00 localhost kernel: [    0.528006] PCI: pci_cache_line_size set to 64 bytes
Nov 10 15:53:00 localhost kernel: [    0.528326] e820: reserve RAM buffer [mem 0x0009e000-0x0009ffff]
Nov 10 15:53:00 localhost kernel: [    0.528441] NetLabel: Initializing
Nov 10 15:53:00 localhost kernel: [    0.530711] NetLabel:  domain hash size = 128
Nov 10 15:53:00 localhost kernel: [    0.532006] NetLabel:  protocols = UNLABELED CIPSOv4
Nov 10 15:53:00 localhost kernel: [    0.535215] NetLabel:  unlabeled traffic allowed by default
Nov 10 15:53:00 localhost kernel: [    0.536110] HPET: 3 timers in total, 0 timers will be used for per-cpu timer
Nov 10 15:53:00 localhost kernel: [    0.540018] hpet0: at MMIO 0xfed00000, IRQs 2, 8, 0
Nov 10 15:53:00 localhost kernel: [    0.544006] hpet0: 3 comparators, 64-bit 62.500000 MHz counter
Nov 10 15:53:00 localhost kernel: [    0.549040] amd_nb: Cannot enumerate AMD northbridges
Nov 10 15:53:00 localhost kernel: [    0.552017] clocksource: Switched to clocksource xen
Nov 10 15:53:00 localhost kernel: [    0.560356] AppArmor: AppArmor Filesystem Enabled
Nov 10 15:53:00 localhost kernel: [    0.563363] pnp: PnP ACPI init
Nov 10 15:53:00 localhost kernel: [    0.565635] system 00:00: [mem 0x00000000-0x0009ffff] could not be reserved
Nov 10 15:53:00 localhost kernel: [    0.569814] system 00:00: Plug and Play ACPI device, IDs PNP0c02 (active)
Nov 10 15:53:00 localhost kernel: [    0.569900] system 00:01: [io  0x08a0-0x08a3] has been reserved
Nov 10 15:53:00 localhost kernel: [    0.573419] system 00:01: [io  0x0cc0-0x0ccf] has been reserved
Nov 10 15:53:00 localhost kernel: [    0.576986] system 00:01: [io  0x04d0-0x04d1] has been reserved
Nov 10 15:53:00 localhost kernel: [    0.580643] system 00:01: Plug and Play ACPI device, IDs PNP0c02 (active)
Nov 10 15:53:00 localhost kernel: [    0.580669] xen: --> pirq=17 -> irq=8 (gsi=8)
Nov 10 15:53:00 localhost kernel: [    0.580690] pnp 00:02: Plug and Play ACPI device, IDs PNP0b00 (active)
Nov 10 15:53:00 localhost kernel: [    0.580713] xen: --> pirq=18 -> irq=12 (gsi=12)
Nov 10 15:53:00 localhost kernel: [    0.580727] pnp 00:03: Plug and Play ACPI device, IDs PNP0f13 (active)
Nov 10 15:53:00 localhost kernel: [    0.580744] xen: --> pirq=19 -> irq=1 (gsi=1)
Nov 10 15:53:00 localhost kernel: [    0.580759] pnp 00:04: Plug and Play ACPI device, IDs PNP0303 PNP030b (active)
Nov 10 15:53:00 localhost kernel: [    0.580775] xen: --> pirq=20 -> irq=6 (gsi=6)
Nov 10 15:53:00 localhost kernel: [    0.580777] pnp 00:05: [dma 2]
Nov 10 15:53:00 localhost kernel: [    0.580789] pnp 00:05: Plug and Play ACPI device, IDs PNP0700 (active)
Nov 10 15:53:00 localhost kernel: [    0.580812] xen: --> pirq=21 -> irq=4 (gsi=4)
Nov 10 15:53:00 localhost kernel: [    0.580826] pnp 00:06: Plug and Play ACPI device, IDs PNP0501 (active)
Nov 10 15:53:00 localhost kernel: [    0.580864] system 00:07: [io  0x10c0-0x1141] has been reserved
Nov 10 15:53:00 localhost kernel: [    0.584509] system 00:07: [io  0xb044-0xb047] has been reserved
Nov 10 15:53:00 localhost kernel: [    0.587988] system 00:07: Plug and Play ACPI device, IDs PNP0c02 (active)
Nov 10 15:53:00 localhost kernel: [    0.603164] pnp: PnP ACPI: found 8 devices
Nov 10 15:53:00 localhost kernel: [    0.611525] clocksource: acpi_pm: mask: 0xffffff max_cycles: 0xffffff, max_idle_ns: 2085701024 ns
Nov 10 15:53:00 localhost kernel: [    0.617079] pci_bus 0000:00: resource 4 [io  0x0000-0x0cf7 window]
Nov 10 15:53:00 localhost kernel: [    0.617081] pci_bus 0000:00: resource 5 [io  0x0d00-0xffff window]
Nov 10 15:53:00 localhost kernel: [    0.617083] pci_bus 0000:00: resource 6 [mem 0x000a0000-0x000bffff window]
Nov 10 15:53:00 localhost kernel: [    0.617084] pci_bus 0000:00: resource 7 [mem 0xf0000000-0xfbffffff window]
Nov 10 15:53:00 localhost kernel: [    0.617133] NET: Registered protocol family 2
Nov 10 15:53:00 localhost kernel: [    0.620231] TCP established hash table entries: 8192 (order: 4, 65536 bytes)
Nov 10 15:53:00 localhost kernel: [    0.624681] TCP bind hash table entries: 8192 (order: 5, 131072 bytes)
Nov 10 15:53:00 localhost kernel: [    0.628679] TCP: Hash tables configured (established 8192 bind 8192)
Nov 10 15:53:00 localhost kernel: [    0.632472] UDP hash table entries: 512 (order: 2, 16384 bytes)
Nov 10 15:53:00 localhost kernel: [    0.635969] UDP-Lite hash table entries: 512 (order: 2, 16384 bytes)
Nov 10 15:53:00 localhost kernel: [    0.639897] NET: Registered protocol family 1
Nov 10 15:53:00 localhost kernel: [    0.642714] pci 0000:00:00.0: Limiting direct PCI/PCI transfers
Nov 10 15:53:00 localhost kernel: [    0.646289] pci 0000:00:01.0: PIIX3: Enabling Passive Release
Nov 10 15:53:00 localhost kernel: [    0.649985] pci 0000:00:01.0: Activating ISA DMA hang workarounds
Nov 10 15:53:00 localhost kernel: [    0.653853] pci 0000:00:02.0: Video device with shadowed ROM
Nov 10 15:53:00 localhost kernel: [    0.653912] PCI: CLS 0 bytes, default 64
Nov 10 15:53:00 localhost kernel: [    0.653970] Trying to unpack rootfs image as initramfs...
Nov 10 15:53:00 localhost kernel: [    1.147156] Freeing initrd memory: 35872K (ffff8800339e0000 - ffff880035ce8000)
Nov 10 15:53:00 localhost kernel: [    1.152282] RAPL PMU detected, API unit is 2^-32 Joules, 3 fixed counters 163840 ms ovfl timer
Nov 10 15:53:00 localhost kernel: [    1.157491] hw unit of domain pp0-core 2^-16 Joules
Nov 10 15:53:00 localhost kernel: [    1.160507] hw unit of domain package 2^-16 Joules
Nov 10 15:53:00 localhost kernel: [    1.163488] hw unit of domain dram 2^-16 Joules
Nov 10 15:53:00 localhost kernel: [    1.166418] Scanning for low memory corruption every 60 seconds
Nov 10 15:53:00 localhost kernel: [    1.171012] futex hash table entries: 4096 (order: 6, 262144 bytes)
Nov 10 15:53:00 localhost kernel: [    1.174717] audit: initializing netlink subsys (disabled)
Nov 10 15:53:00 localhost kernel: [    1.178011] audit: type=2000 audit(1478811176.605:1): initialized
Nov 10 15:53:00 localhost kernel: [    1.181925] Initialise system trusted keyring
Nov 10 15:53:00 localhost kernel: [    1.184845] HugeTLB registered 2 MB page size, pre-allocated 0 pages
Nov 10 15:53:00 localhost kernel: [    1.189729] zbud: loaded
Nov 10 15:53:00 localhost kernel: [    1.191808] VFS: Disk quotas dquot_6.6.0
Nov 10 15:53:00 localhost kernel: [    1.194387] VFS: Dquot-cache hash table entries: 512 (order 0, 4096 bytes)
Nov 10 15:53:00 localhost kernel: [    1.198596] squashfs: version 4.0 (2009/01/31) Phillip Lougher
Nov 10 15:53:00 localhost kernel: [    1.202354] fuse init (API version 7.23)
Nov 10 15:53:00 localhost kernel: [    1.205027] Key type big_key registered
Nov 10 15:53:00 localhost kernel: [    1.207604] Allocating IMA MOK and blacklist keyrings.
Nov 10 15:53:00 localhost kernel: [    1.210966] Key type asymmetric registered
Nov 10 15:53:00 localhost kernel: [    1.213625] Asymmetric key parser 'x509' registered
Nov 10 15:53:00 localhost kernel: [    1.216705] Block layer SCSI generic (bsg) driver version 0.4 loaded (major 249)
Nov 10 15:53:00 localhost kernel: [    1.221354] io scheduler noop registered
Nov 10 15:53:00 localhost kernel: [    1.223891] io scheduler deadline registered (default)
Nov 10 15:53:00 localhost kernel: [    1.227111] io scheduler cfq registered
Nov 10 15:53:00 localhost kernel: [    1.229703] pci_hotplug: PCI Hot Plug PCI Core version: 0.5
Nov 10 15:53:00 localhost kernel: [    1.233145] pciehp: PCI Express Hot Plug Controller Driver version: 0.4
Nov 10 15:53:00 localhost kernel: [    1.237049] intel_idle: does not run on family 6 model 62
Nov 10 15:53:00 localhost kernel: [    1.237135] input: Power Button as /devices/LNXSYSTM:00/LNXPWRBN:00/input/input0
Nov 10 15:53:00 localhost kernel: [    1.241729] ACPI: Power Button [PWRF]
Nov 10 15:53:00 localhost kernel: [    1.244200] input: Sleep Button as /devices/LNXSYSTM:00/LNXSLPBN:00/input/input1
Nov 10 15:53:00 localhost kernel: [    1.248838] ACPI: Sleep Button [SLPF]
Nov 10 15:53:00 localhost kernel: [    1.251505] GHES: HEST is not enabled!
Nov 10 15:53:00 localhost kernel: [    1.254309] xen: --> pirq=22 -> irq=28 (gsi=28)
Nov 10 15:53:00 localhost kernel: [    1.254389] xen:grant_table: Grant tables using version 1 layout
Nov 10 15:53:00 localhost kernel: [    1.258057] Grant table initialized
Nov 10 15:53:00 localhost kernel: [    1.260499] Cannot get hvm parameter CONSOLE_EVTCHN (18): -22!
Nov 10 15:53:00 localhost kernel: [    1.264047] Serial: 8250/16550 driver, 32 ports, IRQ sharing enabled
Nov 10 15:53:00 localhost kernel: [    1.294777] 00:06: ttyS0 at I/O 0x3f8 (irq = 4, base_baud = 115200) is a 16550A
Nov 10 15:53:00 localhost kernel: [    1.300766] Linux agpgart interface v0.103
Nov 10 15:53:00 localhost kernel: [    1.305436] brd: module loaded
Nov 10 15:53:00 localhost kernel: [    1.308562] loop: module loaded
Nov 10 15:53:00 localhost kernel: [    1.311500] ata_piix 0000:00:01.1: version 2.13
Nov 10 15:53:00 localhost kernel: [    1.312259] scsi host0: ata_piix
Nov 10 15:53:00 localhost kernel: [    1.315080] scsi host1: ata_piix
Nov 10 15:53:00 localhost kernel: [    1.317512] ata1: PATA max MWDMA2 cmd 0x1f0 ctl 0x3f6 bmdma 0xc100 irq 14
Nov 10 15:53:00 localhost kernel: [    1.321807] ata2: PATA max MWDMA2 cmd 0x170 ctl 0x376 bmdma 0xc108 irq 15
Nov 10 15:53:00 localhost kernel: [    1.327401] libphy: Fixed MDIO Bus: probed
Nov 10 15:53:00 localhost kernel: [    1.330177] tun: Universal TUN/TAP device driver, 1.6
Nov 10 15:53:00 localhost kernel: [    1.333641] tun: (C) 1999-2004 Max Krasnyansky <maxk@qualcomm.com>
Nov 10 15:53:00 localhost kernel: [    1.337511] PPP generic driver version 2.4.2
Nov 10 15:53:00 localhost kernel: [    1.341020] xen_netfront: Initialising Xen virtual ethernet driver
Nov 10 15:53:00 localhost kernel: [    1.348271] ehci_hcd: USB 2.0 'Enhanced' Host Controller (EHCI) Driver
Nov 10 15:53:00 localhost kernel: [    1.353011] ehci-pci: EHCI PCI platform driver
Nov 10 15:53:00 localhost kernel: [    1.356900] ehci-platform: EHCI generic platform driver
Nov 10 15:53:00 localhost kernel: [    1.360252] ohci_hcd: USB 1.1 'Open' Host Controller (OHCI) Driver
Nov 10 15:53:00 localhost kernel: [    1.364048] ohci-pci: OHCI PCI platform driver
Nov 10 15:53:00 localhost kernel: [    1.366985] ohci-platform: OHCI generic platform driver
Nov 10 15:53:00 localhost kernel: [    1.370376] uhci_hcd: USB Universal Host Controller Interface driver
Nov 10 15:53:00 localhost kernel: [    1.374817] i8042: PNP: PS/2 Controller [PNP0303:PS2K,PNP0f13:PS2M] at 0x60,0x64 irq 1,12
Nov 10 15:53:00 localhost kernel: [    1.381967] serio: i8042 KBD port at 0x60,0x64 irq 1
Nov 10 15:53:00 localhost kernel: [    1.385113] serio: i8042 AUX port at 0x60,0x64 irq 12
Nov 10 15:53:00 localhost kernel: [    1.388643] mousedev: PS/2 mouse device common for all mice
Nov 10 15:53:00 localhost kernel: [    1.392996] input: AT Translated Set 2 keyboard as /devices/platform/i8042/serio0/input/input2
Nov 10 15:53:00 localhost kernel: [    1.412773] rtc_cmos 00:02: rtc core: registered rtc_cmos as rtc0
Nov 10 15:53:00 localhost kernel: [    1.416687] rtc_cmos 00:02: alarms up to one day, 114 bytes nvram, hpet irqs
Nov 10 15:53:00 localhost kernel: [    1.420969] i2c /dev entries driver
Nov 10 15:53:00 localhost kernel: [    1.423908] device-mapper: uevent: version 1.0.3
Nov 10 15:53:00 localhost kernel: [    1.427105] device-mapper: ioctl: 4.34.0-ioctl (2015-10-28) initialised: dm-devel@redhat.com
Nov 10 15:53:00 localhost kernel: [    1.433665] ledtrig-cpu: registered to indicate activity on CPUs
Nov 10 15:53:00 localhost kernel: [    1.439035] NET: Registered protocol family 10
Nov 10 15:53:00 localhost kernel: [    1.442259] blkfront: xvda: barrier or flush: disabled; persistent grants: disabled; indirect descriptors: enabled;
Nov 10 15:53:00 localhost kernel: [    1.448500] NET: Registered protocol family 17
Nov 10 15:53:00 localhost kernel: [    1.451385] Key type dns_resolver registered
Nov 10 15:53:00 localhost kernel: [    1.454255] microcode: CPU0 sig=0x306e4, pf=0x1, revision=0x416
Nov 10 15:53:00 localhost kernel: [    1.458311] microcode: Microcode Update Driver: v2.01 <tigran@aivazian.fsnet.co.uk>, Peter Oruba
Nov 10 15:53:00 localhost kernel: [    1.463832] registered taskstats version 1
Nov 10 15:53:00 localhost kernel: [    1.466813] Loading compiled-in X.509 certificates
Nov 10 15:53:00 localhost kernel: [    1.470081]  xvda: xvda1
Nov 10 15:53:00 localhost kernel: [    1.472841] Loaded X.509 cert 'Build time autogenerated kernel key: 181cd957879f68b474ab1d0c92722cd44e756f77'
Nov 10 15:53:00 localhost kernel: [    1.478817] zswap: loaded using pool lzo/zbud
Nov 10 15:53:00 localhost kernel: [    1.484231] Key type trusted registered
Nov 10 15:53:00 localhost kernel: [    1.488960] Key type encrypted registered
Nov 10 15:53:00 localhost kernel: [    1.491559] AppArmor: AppArmor sha1 policy hashing enabled
Nov 10 15:53:00 localhost kernel: [    1.494922] ima: No TPM chip found, activating TPM-bypass!
Nov 10 15:53:00 localhost kernel: [    1.498400] evm: HMAC attrs: 0x1
Nov 10 15:53:00 localhost kernel: [    1.500882] xenbus_probe_frontend: Device with no driver: device/vfb/0
Nov 10 15:53:00 localhost kernel: [    1.504757]   Magic number: 8:244:902
Nov 10 15:53:00 localhost kernel: [    1.507186] acpi device:da: hash matches
Nov 10 15:53:00 localhost kernel: [    1.509805] rtc_cmos 00:02: setting system clock to 2016-11-10 20:52:57 UTC (1478811177)
Nov 10 15:53:00 localhost kernel: [    1.514790] BIOS EDD facility v0.16 2004-Jun-25, 0 devices found
Nov 10 15:53:00 localhost kernel: [    1.518409] EDD information not available.
Nov 10 15:53:00 localhost kernel: [    1.521067] PM: Hibernation image not present or could not be loaded.
Nov 10 15:53:00 localhost kernel: [    1.522739] Freeing unused kernel memory: 1480K (ffffffff81f42000 - ffffffff820b4000)
Nov 10 15:53:00 localhost kernel: [    1.527454] Write protecting the kernel read-only data: 14336k
Nov 10 15:53:00 localhost kernel: [    1.531568] Freeing unused kernel memory: 1832K (ffff880001836000 - ffff880001a00000)
Nov 10 15:53:00 localhost kernel: [    1.536681] Freeing unused kernel memory: 152K (ffff880001dda000 - ffff880001e00000)
Nov 10 15:53:00 localhost kernel: [    1.552615] random: udevadm urandom read with 10 bits of entropy available
Nov 10 15:53:00 localhost kernel: [    1.597128] FUJITSU Extended Socket Network Device Driver - version 1.0 - Copyright (c) 2015 FUJITSU LIMITED
Nov 10 15:53:00 localhost kernel: [    1.653721] FDC 0 is a S82078B
Nov 10 15:53:00 localhost kernel: [    1.667162] [drm] Initialized drm 1.1.0 20060810
Nov 10 15:53:00 localhost kernel: [    1.702532] AVX version of gcm_enc/dec engaged.
Nov 10 15:53:00 localhost kernel: [    1.705427] AES CTR mode by8 optimization enabled
Nov 10 15:53:00 localhost kernel: [    1.758618] [TTM] Zone  kernel: Available graphics memory: 507230 kiB
Nov 10 15:53:00 localhost kernel: [    1.762496] [TTM] Initializing pool allocator
Nov 10 15:53:00 localhost kernel: [    1.769480] [TTM] Initializing DMA pool allocator
Nov 10 15:53:00 localhost kernel: [    1.772948] [drm] fb mappable at 0xF0000000
Nov 10 15:53:00 localhost kernel: [    1.775629] [drm] vram aper at 0xF0000000
Nov 10 15:53:00 localhost kernel: [    1.778324] [drm] size 33554432
Nov 10 15:53:00 localhost kernel: [    1.780557] [drm] fb depth is 24
Nov 10 15:53:00 localhost kernel: [    1.782782] [drm]    pitch is 3072
Nov 10 15:53:00 localhost kernel: [    1.785326] fbcon: cirrusdrmfb (fb0) is primary device
Nov 10 15:53:00 localhost kernel: [    1.830103] Console: switching to colour frame buffer device 128x48
Nov 10 15:53:00 localhost kernel: [    1.873790] cirrus 0000:00:02.0: fb0: cirrusdrmfb frame buffer device
Nov 10 15:53:00 localhost kernel: [    1.876777] [drm] Initialized cirrus 1.0.0 20110418 for 0000:00:02.0 on minor 0
Nov 10 15:53:00 localhost kernel: [    1.964683] md: linear personality registered for level -1
Nov 10 15:53:00 localhost kernel: [    1.970051] md: multipath personality registered for level -4
Nov 10 15:53:00 localhost kernel: [    1.975273] md: raid0 personality registered for level 0
Nov 10 15:53:00 localhost kernel: [    1.980886] md: raid1 personality registered for level 1
Nov 10 15:53:00 localhost kernel: [    2.052063] raid6: sse2x1   gen()  7556 MB/s
Nov 10 15:53:00 localhost kernel: [    2.120060] raid6: sse2x1   xor()  6203 MB/s
Nov 10 15:53:00 localhost kernel: [    2.188065] raid6: sse2x2   gen()  9483 MB/s
Nov 10 15:53:00 localhost kernel: [    2.256072] raid6: sse2x2   xor()  7013 MB/s
Nov 10 15:53:00 localhost kernel: [    2.324062] raid6: sse2x4   gen() 11201 MB/s
Nov 10 15:53:00 localhost kernel: [    2.392059] raid6: sse2x4   xor()  8503 MB/s
Nov 10 15:53:00 localhost kernel: [    2.394126] raid6: using algorithm sse2x4 gen() 11201 MB/s
Nov 10 15:53:00 localhost kernel: [    2.396772] raid6: .... xor() 8503 MB/s, rmw enabled
Nov 10 15:53:00 localhost kernel: [    2.399127] raid6: using ssse3x2 recovery algorithm
Nov 10 15:53:00 localhost kernel: [    2.403521] tsc: Refined TSC clocksource calibration: 2499.949 MHz
Nov 10 15:53:00 localhost kernel: [    2.406411] clocksource: tsc: mask: 0xffffffffffffffff max_cycles: 0x240909c1519, max_idle_ns: 440795272602 ns
Nov 10 15:53:00 localhost kernel: [    2.413236] xor: automatically using best checksumming function:
Nov 10 15:53:00 localhost kernel: [    2.456058]    avx       : 18957.000 MB/sec
Nov 10 15:53:00 localhost kernel: [    2.460282] async_tx: api initialized (async)
Nov 10 15:53:00 localhost kernel: [    2.473540] md: raid6 personality registered for level 6
Nov 10 15:53:00 localhost kernel: [    2.476020] md: raid5 personality registered for level 5
Nov 10 15:53:00 localhost kernel: [    2.479489] md: raid4 personality registered for level 4
Nov 10 15:53:00 localhost kernel: [    2.487899] md: raid10 personality registered for level 10
Nov 10 15:53:00 localhost kernel: [    2.528058] Btrfs loaded
Nov 10 15:53:00 localhost kernel: [    2.573366] EXT4-fs (xvda1): mounted filesystem with ordered data mode. Opts: (null)
Nov 10 15:53:00 localhost kernel: [    3.035251] input: ImExPS/2 Generic Explorer Mouse as /devices/platform/i8042/serio1/input/input4
Nov 10 15:53:00 localhost kernel: [    3.085691] EXT4-fs (xvda1): re-mounted. Opts: discard
Nov 10 15:53:00 localhost kernel: [    3.111204] Loading iSCSI transport class v2.0-870.
Nov 10 15:53:00 localhost kernel: [    3.130088] iscsi: registered transport (tcp)
Nov 10 15:53:00 localhost kernel: [    3.242077] iscsi: registered transport (iser)
Nov 10 15:53:00 localhost kernel: [    3.659570] piix4_smbus 0000:00:01.3: SMBus base address uninitialized - upgrade BIOS or use force_addr=0xaddr
Nov 10 15:53:00 localhost kernel: [    3.721007] Built 1 zonelists in Node order, mobility grouping on.  Total pages: 236721
Nov 10 15:53:00 localhost kernel: [    3.721009] Policy zone: DMA32
Nov 10 15:53:00 localhost kernel: [    3.727994] Built 1 zonelists in Node order, mobility grouping on.  Total pages: 236721
Nov 10 15:53:00 localhost kernel: [    3.727996] Policy zone: Normal
Nov 10 15:53:00 localhost kernel: [    4.139071] audit: type=1400 audit(1478811180.124:2): apparmor="STATUS" operation="profile_load" profile="unconfined" name="lxc-container-default" pid=627 comm="apparmor_parser"
Nov 10 15:53:00 localhost kernel: [    4.139078] audit: type=1400 audit(1478811180.124:3): apparmor="STATUS" operation="profile_load" profile="unconfined" name="lxc-container-default-cgns" pid=627 comm="apparmor_parser"
Nov 10 15:53:00 localhost kernel: [    4.139082] audit: type=1400 audit(1478811180.124:4): apparmor="STATUS" operation="profile_load" profile="unconfined" name="lxc-container-default-with-mounting" pid=627 comm="apparmor_parser"
Nov 10 15:53:00 localhost kernel: [    4.139086] audit: type=1400 audit(1478811180.124:5): apparmor="STATUS" operation="profile_load" profile="unconfined" name="lxc-container-default-with-nesting" pid=627 comm="apparmor_parser"
Nov 10 15:53:00 localhost kernel: [    4.149876] audit: type=1400 audit(1478811180.136:6): apparmor="STATUS" operation="profile_load" profile="unconfined" name="/sbin/dhclient" pid=635 comm="apparmor_parser"
Nov 10 15:53:00 localhost kernel: [    4.149883] audit: type=1400 audit(1478811180.136:7): apparmor="STATUS" operation="profile_load" profile="unconfined" name="/usr/lib/NetworkManager/nm-dhcp-client.action" pid=635 comm="apparmor_parser"
Nov 10 15:53:00 localhost kernel: [    4.149887] audit: type=1400 audit(1478811180.136:8): apparmor="STATUS" operation="profile_load" profile="unconfined" name="/usr/lib/NetworkManager/nm-dhcp-helper" pid=635 comm="apparmor_parser"
Nov 10 15:53:00 localhost kernel: [    4.149890] audit: type=1400 audit(1478811180.136:9): apparmor="STATUS" operation="profile_load" profile="unconfined" name="/usr/lib/connman/scripts/dhclient-script" pid=635 comm="apparmor_parser"
Nov 10 15:53:00 localhost kernel: [    4.151779] audit: type=1400 audit(1478811180.136:10): apparmor="STATUS" operation="profile_load" profile="unconfined" name="/usr/bin/lxc-start" pid=641 comm="apparmor_parser"
Nov 10 15:53:00 localhost kernel: [    4.564849] ppdev: user-space parallel port driver
Nov 10 15:53:00 localhost kernel: [    4.586747] cgroup: new mount options do not match the existing superblock, will be ignored
Nov 10 15:53:00 localhost kernel: [    4.591775] cgroup: new mount options do not match the existing superblock, will be ignored
Nov 10 15:53:00 localhost kernel: [    4.756327] random: nonblocking pool is initialized
Nov 10 15:53:29 localhost kernel: [    8.860098] xenbus_probe_frontend: Waiting for devices to initialise: 25s...20s...15s...10s...5s...0s...
Nov 10 15:53:29 localhost kernel: [   33.860136] 
Nov 10 15:53:29 localhost kernel: [   33.860368] xenbus_probe_frontend: Timeout connecting to device: device/vfb/0 (local state 3, remote state 1)
